   Compiling cc v1.2.64
   Compiling zenrav1e v0.2.0 (/Users/lilith/work/zen/zenrav1e)
   Compiling alloca v0.4.0
   Compiling rav1d-safe v0.5.7
   Compiling criterion v0.8.2
warning: unexpected `cfg` condition name: `asm_x86_64`
  --> benches/tier_isolation.rs:85:20
   |
85 |     } else if cfg!(asm_x86_64) {
   |                    ^^^^^^^^^^ help: there is a config with a similar name: `nasm_x86_64`
   |
   = help: consider using a Cargo feature instead
   = help: or consider adding in `Cargo.toml` the `check-cfg` lint config for the lint:
            [lints.rust]
            unexpected_cfgs = { level = "warn", check-cfg = ['cfg(asm_x86_64)'] }
   = help: or consider adding `println!("cargo::rustc-check-cfg=cfg(asm_x86_64)");` to the top of the `build.rs`
   = note: see <https://doc.rust-lang.org/nightly/rustc/check-cfg/cargo-specifics.html> for more information about checking conditional configuration
   = note: requested on the command line with `-W unexpected-cfgs`

warning: `zenrav1e` (bench "tier_isolation") generated 1 warning
    Finished `bench` profile [optimized + debuginfo] target(s) in 12.62s
     Running benches/tier_isolation.rs (target/release/deps/tier_isolation-b978851b6da0b735)
Gnuplot not found, using plotters backend
[tier_isolation] built with: rust_fallback
Benchmarking encode_still/256x256/rust_fallback
Benchmarking encode_still/256x256/rust_fallback: Warming up for 3.0000 s

Warning: Unable to complete 10 samples in 5.0s. You may wish to increase target time to 8.6s or enable flat sampling.
Benchmarking encode_still/256x256/rust_fallback: Collecting 10 samples in estimated 8.6039 s (55 iterations)
Benchmarking encode_still/256x256/rust_fallback: Analyzing
encode_still/256x256/rust_fallback
                        time:   [156.17 ms 156.25 ms 156.38 ms]

Benchmarking encode_still/512x512/rust_fallback
Benchmarking encode_still/512x512/rust_fallback: Warming up for 3.0000 s

Warning: Unable to complete 10 samples in 5.0s. You may wish to increase target time to 6.2s.
Benchmarking encode_still/512x512/rust_fallback: Collecting 10 samples in estimated 6.1650 s (10 iterations)
Benchmarking encode_still/512x512/rust_fallback: Analyzing
encode_still/512x512/rust_fallback
                        time:   [614.94 ms 615.55 ms 616.23 ms]

